// Jest Snapshot v1, https://goo.gl/fbAQLP

exports[`<App /> renders 1`] = `
<div
  className="App"
>
  <div
    className="Home"
  >
    <div
      className="SearchForm"
    >
      <input
        onChange={[Function]}
        placeholder="Search for a movie"
        type="text"
      />
    </div>
    <p />
  </div>
</div>
`;
